# serializer version: 1
# name: test_standard_setup[device]
  DeviceRegistryEntrySnapshot({
    'area_id': None,
    'config_entries': <ANY>,
    'config_entries_subentries': <ANY>,
    'configuration_url': None,
    'connections': set({
    }),
    'disabled_by': None,
    'entry_type': None,
    'hw_version': None,
    'id': <ANY>,
    'identifiers': set({
      tuple(
        'zha',
        'mock-ieee:kitchen',
      ),
    }),
    'labels': set({
    }),
    'manufacturer': 'Inovelli',
    'model': 'VZM31-SN',
    'model_id': None,
    'name': 'Kitchen',
    'name_by_user': None,
    'primary_config_entry': <ANY>,
    'serial_number': None,
    'sw_version': None,
    'via_device_id': None,
  })
# ---
